========================================
SocietyWorldEngine 宸ョ▼绾ф祴璇?========================================

鈻?寮€濮嬫ā鎷?..

Tick 10: Active=5, AvgRes=55.8, AvgMood=0.90, Gini=0.185
Tick 20: Active=5, AvgRes=73.0, AvgMood=0.97, Gini=0.236
Tick 30: Active=5, AvgRes=77.2, AvgMood=0.99, Gini=0.258
Tick 40: Active=5, AvgRes=57.6, AvgMood=0.97, Gini=0.306
Tick 50: Active=5, AvgRes=44.8, AvgMood=1.00, Gini=0.098
Tick 60: Active=5, AvgRes=41.4, AvgMood=0.97, Gini=0.071
Tick 70: Active=5, AvgRes=67.0, AvgMood=1.00, Gini=0.133
Tick 80: Active=5, AvgRes=47.8, AvgMood=0.99, Gini=0.115
Tick 90: Active=5, AvgRes=54.6, AvgMood=0.99, Gini=0.174
Tick 100: Active=5, AvgRes=88.4, AvgMood=0.97, Gini=0.279

鈻?妯℃嫙缁撴潫

========================================
娴嬭瘯鎶ュ憡
========================================

鉁?1锔忊儯 Tick 杩炵画鎬ф祴璇?   杩愯 100 ticks锛岀洰鏍?鈮?00

鉁?2锔忊儯 鏃犺緭鍏ヨ嚜娌绘祴璇?   100.0% tick 鏈夐潪 idle 琛屼负

鉁?3锔忊儯 鏁板€煎畧鎭掍笌杈圭晫娴嬭瘯
   鎵€鏈夋暟鍊煎湪鍚堟硶鑼冨洿鍐?
鉁?4锔忊儯 鐘舵€佸垎鍖栨祴璇?   Gini=0.279锛岃祫婧?鎯呯华鍑虹幇鍒嗗寲

鉁?5锔忊儯 Action 澶氭牱鎬ф祴璇?   idle=6.4%锛? 绉嶉潪 idle Action

鉁?6锔忊儯 鍏崇郴鍙嶉鍥炶矾娴嬭瘯
   113 娆″叧绯诲彉鏇翠簨浠?
鉁?7锔忊儯 Agent Exit 娴嬭瘯
   0 涓?Agent 閫€鍑猴紝0 涓?EXIT 浜嬩欢

鉁?8锔忊儯 绀句細瀛樻椿鏉′欢娴嬭瘯
   瀛樻椿鐜?100.0%锛岃繍琛?100 ticks

鉁?9锔忊儯 Event 鍙洖鏀炬祴璇?   STATE_DELTA=100锛孴ICK 浜嬩欢=鉁?
鉁?馃敓 Event 鍙鎬ф祴璇?   浜嬩欢绫诲瀷=7绉? SOCIETY_START, TICK_START, ACTION_ACCEPTED, ACTION_REJECTED, TICK_END, STATE_DELTA, SOCIETY_END

----------------------------------------
缁撹: 馃煝 Green
10/10 娴嬭瘯閫氳繃 (100%)銆傜ぞ浼氬彲鎸佺画杩愯 100 tick銆傚彲浠ョ户缁墿灞曘€?杩愯鏃堕棿: 0.03s
----------------------------------------

Action 缁熻:
  work: 174 (34.8%)
  consume: 123 (24.6%)
  talk: 113 (22.6%)
  help: 58 (11.6%)
  conflict: 0 (0.0%)
  idle: 32 (6.4%)

鏈€缁?Agent 鐘舵€?
  馃煝 Alice (worker): resources=153.0, mood=1.00
  馃煝 Bob (merchant): resources=92.0, mood=1.00
  馃煝 Carol (leader): resources=33.0, mood=0.90
  馃煝 David (helper): resources=116.0, mood=1.00
  馃煝 Eve (neutral): resources=48.0, mood=0.95

鉁?娴嬭瘯瀹屾垚
